src/components/CourtHeatmap.tsx(112,27): error TS1005: '</' expected.
src/components/CourtHeatmap.tsx(113,1): error TS1185: Merge conflict marker encountered.
src/components/CourtHeatmap.tsx(114,15): error TS2657: JSX expressions must have one parent element.
src/components/CourtHeatmap.tsx(117,1): error TS1185: Merge conflict marker encountered.
src/components/CourtHeatmap.tsx(122,1): error TS1185: Merge conflict marker encountered.
src/components/CourtHeatmap.tsx(133,1): error TS1185: Merge conflict marker encountered.
src/components/CourtHeatmap.tsx(160,15): error TS1382: Unexpected token. Did you mean `{'>'}` or `&gt;`?
src/components/CourtHeatmap.tsx(162,1): error TS1382: Unexpected token. Did you mean `{'>'}` or `&gt;`?
src/components/CourtHeatmap.tsx(162,2): error TS1382: Unexpected token. Did you mean `{'>'}` or `&gt;`?
src/components/CourtHeatmap.tsx(162,3): error TS1382: Unexpected token. Did you mean `{'>'}` or `&gt;`?
src/components/CourtHeatmap.tsx(162,4): error TS1382: Unexpected token. Did you mean `{'>'}` or `&gt;`?
src/components/CourtHeatmap.tsx(162,5): error TS1382: Unexpected token. Did you mean `{'>'}` or `&gt;`?
src/components/CourtHeatmap.tsx(162,6): error TS1382: Unexpected token. Did you mean `{'>'}` or `&gt;`?
src/components/CourtHeatmap.tsx(162,7): error TS1382: Unexpected token. Did you mean `{'>'}` or `&gt;`?
src/components/CourtHeatmap.tsx(164,13): error TS1128: Declaration or statement expected.
src/components/CourtHeatmap.tsx(165,11): error TS1109: Expression expected.
src/components/CourtHeatmap.tsx(166,9): error TS1128: Declaration or statement expected.
src/components/CourtHeatmap.tsx(166,10): error TS1128: Declaration or statement expected.
src/components/CourtHeatmap.tsx(166,11): error TS1128: Declaration or statement expected.
src/components/CourtHeatmap.tsx(167,7): error TS1128: Declaration or statement expected.
src/components/CourtHeatmap.tsx(168,5): error TS1109: Expression expected.
src/components/CourtHeatmap.tsx(179,3): error TS1128: Declaration or statement expected.
src/components/CourtHeatmap.tsx(180,1): error TS1109: Expression expected.
src/components/SessionCreate.tsx(35,37): error TS1005: '</' expected.
src/components/SessionCreate.tsx(36,1): error TS1185: Merge conflict marker encountered.
src/components/SessionCreate.tsx(37,1): error TS1185: Merge conflict marker encountered.
src/components/SessionCreate.tsx(39,1): error TS1185: Merge conflict marker encountered.
src/components/SessionCreate.tsx(92,5): error TS1128: Declaration or statement expected.
src/components/SessionCreate.tsx(93,3): error TS1109: Expression expected.
src/components/SessionCreate.tsx(94,1): error TS1128: Declaration or statement expected.
src/components/SessionEnded.tsx(27,1): error TS1185: Merge conflict marker encountered.
src/components/SessionEnded.tsx(30,1): error TS1185: Merge conflict marker encountered.
src/components/SessionEnded.tsx(78,1): error TS1185: Merge conflict marker encountered.
src/components/StatsDisplay.tsx(53,21): error TS1005: '</' expected.
src/components/StatsDisplay.tsx(54,1): error TS1185: Merge conflict marker encountered.
src/components/StatsDisplay.tsx(55,1): error TS1185: Merge conflict marker encountered.
src/components/StatsDisplay.tsx(60,1): error TS1185: Merge conflict marker encountered.
src/components/StatsDisplay.tsx(61,13): error TS1128: Declaration or statement expected.
src/components/StatsDisplay.tsx(62,11): error TS1109: Expression expected.
src/components/StatsDisplay.tsx(62,12): error TS1128: Declaration or statement expected.
src/components/StatsDisplay.tsx(62,13): error TS1128: Declaration or statement expected.
src/components/StatsDisplay.tsx(63,9): error TS1128: Declaration or statement expected.
src/components/StatsDisplay.tsx(64,7): error TS1109: Expression expected.
src/components/StatsDisplay.tsx(65,1): error TS1185: Merge conflict marker encountered.
src/components/StatsDisplay.tsx(66,1): error TS1185: Merge conflict marker encountered.
src/components/StatsDisplay.tsx(68,1): error TS1185: Merge conflict marker encountered.
src/components/StatsDisplay.tsx(69,5): error TS1109: Expression expected.
src/components/StatsDisplay.tsx(70,3): error TS1109: Expression expected.
src/components/StatsDisplay.tsx(71,1): error TS1128: Declaration or statement expected.
